// Jest Snapshot v1, https://goo.gl/fbAQLP

exports[`Page404 renders correctly 1`] = `
Array [
  <header
    className="header"
  >
    <div
      className="container"
    >
      <h1
        className="title"
      >
        <a
          className="link"
          href="/"
        >
          Page404
        </a>
      </h1>
    </div>
  </header>,
  <div
    className="container"
  >
    <nav
      aria-label="Breadcrumb"
      className="breadcrumb"
    >
      <ol>
        <li>
          <a
            href="/"
          >
            Home
          </a>
        </li>
        <li>
          <a
            href="/blog/"
          >
            Blog
          </a>
        </li>
      </ol>
    </nav>
  </div>,
  <div
    className="container"
  >
    <main>
      <h1>
        Not found
      </h1>
      <p>
        Sorry folks, nothing here to see.
      </p>
      <a
        href="/"
      >
        Go back to the homepage
      </a>
    </main>
    <footer
      className="footer"
    >
      Â© 
      2019
      , Built with
       
      <a
        href="https://www.gatsbyjs.org"
        rel="noopener noreferrer"
      >
        Gatsby
      </a>
      .
       
      Calin says hello.
    </footer>
  </div>,
]
`;
