// Jest Snapshot v1, https://goo.gl/fbAQLP

exports[`Index renders correctly 1`] = `
Array [
  <header
    className="header"
  >
    <div
      className="container"
    >
      <h1
        className="title"
      >
        <a
          className="link"
          href="/"
        >
          Default Starter Blog
        </a>
      </h1>
    </div>
  </header>,
  <div
    className="container"
  >
    <main>
      <h1>
        Hi people
      </h1>
      <p>
        Welcome to your new Gatsby site.
      </p>
      <p>
        Now go build something great.
      </p>
      <div
        className="containerFigure"
      >
        <figure>
          <div
            className=" gatsby-image-wrapper"
            style={
              Object {
                "overflow": "hidden",
                "position": "relative",
              }
            }
          >
            <div
              style={
                Object {
                  "paddingBottom": "100%",
                  "width": "100%",
                }
              }
            />
            
            <picture>
              <source
                sizes=""
                srcSet=""
              />
              <img
                alt=""
                loading="lazy"
                onLoad={[Function]}
                sizes=""
                src=""
                srcSet=""
                style={
                  Object {
                    "height": "100%",
                    "left": 0,
                    "objectFit": "cover",
                    "objectPosition": "center",
                    "opacity": 0,
                    "position": "absolute",
                    "top": 0,
                    "transition": "opacity 500ms",
                    "width": "100%",
                  }
                }
              />
            </picture>
            <noscript
              dangerouslySetInnerHTML={
                Object {
                  "__html": "<picture><source srcset=\\"\\" /><img loading=\\"lazy\\" src=\\"\\" alt=\\"\\" style=\\"position:absolute;top:0;left:0;opacity:1;width:100%;height:100%;object-fit:cover;object-position:center\\"/></picture>",
                }
              }
            />
          </div>
          
        </figure>
      </div>
      <a
        href="/page-2/"
      >
        Go to page 2
      </a>
    </main>
    <footer>
      Â© 
      2019
      , Built with
       
      <a
        href="https://www.gatsbyjs.org"
        rel="noopener noreferrer"
      >
        Gatsby
      </a>
    </footer>
  </div>,
]
`;
