// Jest Snapshot v1, https://goo.gl/fbAQLP

exports[`SecondPage renders correctly 1`] = `
Array [
  <header
    style={
      Object {
        "background": "rebeccapurple",
        "marginBottom": "1.45rem",
      }
    }
  >
    <div
      style={
        Object {
          "margin": "0 auto",
          "maxWidth": 960,
          "padding": "1.45rem 1.0875rem",
        }
      }
    >
      <h1
        style={
          Object {
            "margin": 0,
          }
        }
      >
        <a
          href="/"
          style={
            Object {
              "color": "white",
              "textDecoration": "none",
            }
          }
        >
          SecondPage
        </a>
      </h1>
    </div>
  </header>,
  <div
    className="container"
  >
    <main>
      <h1>
        Hi from the second page
      </h1>
      <p>
        Welcome to page 2
      </p>
      <a
        href="/"
      >
        Go back to the homepage
      </a>
    </main>
    <footer>
      Â© 
      2019
      , Built with
       
      <a
        href="https://www.gatsbyjs.org"
      >
        Gatsby
      </a>
    </footer>
  </div>,
]
`;
