// Jest Snapshot v1, https://goo.gl/fbAQLP

exports[`Header renders correctly 1`] = `
<header
  className="header"
>
  <div
    className="container"
  >
    <h1
      className="title"
    >
      <a
        className="link"
        href="/"
      >
        Default Starter
      </a>
    </h1>
  </div>
</header>
`;
