// Jest Snapshot v1, https://goo.gl/fbAQLP

exports[`ImageFluid renders correctly 1`] = `
<div
  className=" gatsby-image-wrapper"
  style={
    Object {
      "overflow": "hidden",
      "position": "relative",
    }
  }
>
  <div
    aria-hidden={true}
    style={
      Object {
        "paddingBottom": "100%",
        "width": "100%",
      }
    }
  />
  
  <picture>
    <source
      sizes=""
      srcSet=""
    />
    <img
      alt=""
      loading="lazy"
      onLoad={[Function]}
      sizes=""
      src=""
      srcSet=""
      style={
        Object {
          "height": "100%",
          "left": 0,
          "objectFit": "cover",
          "objectPosition": "center",
          "opacity": 0,
          "position": "absolute",
          "top": 0,
          "transition": "opacity 500ms",
          "width": "100%",
        }
      }
    />
  </picture>
  <noscript
    dangerouslySetInnerHTML={
      Object {
        "__html": "<picture><source srcset=\\"\\" /><img loading=\\"lazy\\" src=\\"\\" alt=\\"\\" style=\\"position:absolute;top:0;left:0;opacity:1;width:100%;height:100%;object-fit:cover;object-position:center\\"/></picture>",
      }
    }
  />
</div>
`;
