// Jest Snapshot v1, https://goo.gl/fbAQLP

exports[`SkipToMain renders correctly 1`] = `
<a
  className="link"
  href="#main"
>
  Skip to main content
</a>
`;
